app/_layout.tsx(15,22): error TS2345: Argument of type '"/auth/login"' is not assignable to parameter of type '"/buildings" | RelativePathString | ExternalPathString | `/buildings?${string}` | `/buildings#${string}` | "/onboarding" | `/onboarding?${string}` | `/onboarding#${string}` | "/_sitemap" | ... 53 more ... | { ...; }'.
app/_layout.tsx(17,22): error TS2345: Argument of type '"/profile-builder/step1-basics"' is not assignable to parameter of type '"/buildings" | RelativePathString | ExternalPathString | `/buildings?${string}` | `/buildings#${string}` | "/onboarding" | `/onboarding?${string}` | `/onboarding#${string}` | "/_sitemap" | ... 53 more ... | { ...; }'.
app/auth/login.tsx(79,19): error TS2322: Type '"/auth/register"' is not assignable to type '"/buildings" | RelativePathString | ExternalPathString | `/buildings?${string}` | `/buildings#${string}` | "/onboarding" | `/onboarding?${string}` | `/onboarding#${string}` | "/_sitemap" | ... 53 more ... | { ...; }'.
app/auth/register.tsx(96,19): error TS2322: Type '"/auth/login"' is not assignable to type '"/buildings" | RelativePathString | ExternalPathString | `/buildings?${string}` | `/buildings#${string}` | "/onboarding" | `/onboarding?${string}` | `/onboarding#${string}` | "/_sitemap" | ... 53 more ... | { ...; }'.
app/profile-builder/step1-basics.tsx(17,17): error TS2345: Argument of type '"/profile-builder/step2-goals"' is not assignable to parameter of type '"/buildings" | RelativePathString | ExternalPathString | `/buildings?${string}` | `/buildings#${string}` | "/onboarding" | `/onboarding?${string}` | `/onboarding#${string}` | "/_sitemap" | ... 53 more ... | { ...; }'.
app/profile-builder/step2-goals.tsx(28,17): error TS2345: Argument of type '"/profile-builder/step3-goal-details"' is not assignable to parameter of type '"/buildings" | RelativePathString | ExternalPathString | `/buildings?${string}` | `/buildings#${string}` | "/onboarding" | `/onboarding?${string}` | `/onboarding#${string}` | "/_sitemap" | ... 53 more ... | { ...; }'.
